[2026-05-15 20:15:43.976] [BIT POUNCE] [info] Logger initialized successfully
[2026-05-15 20:15:43.979] [BIT POUNCE] [info] Creating window PounceEdit (1600, 900)
[2026-05-15 20:15:44.985] [BIT POUNCE] [info] OpenGL Info:
[2026-05-15 20:15:44.985] [BIT POUNCE] [info]   Vendor: NVIDIA Corporation
[2026-05-15 20:15:44.986] [BIT POUNCE] [info]   Renderer: NVIDIA GeForce GTX 1660 SUPER/PCIe/SSE2
[2026-05-15 20:15:44.986] [BIT POUNCE] [info]   Version: 4.6.0 NVIDIA 591.86
[2026-05-15 20:15:44.993] [BIT POUNCE] [info] Loading file: assets/shaders/Texture.glsl
[2026-05-15 20:15:44.993] [BIT POUNCE] [info] Reading file into RAM: assets/shaders/Texture.glsl
[2026-05-15 20:15:44.994] [BIT POUNCE] [info] Successfully read file into RAM: assets/shaders/Texture.glsl (117 bytes)
[2026-05-15 20:15:44.994] [BIT POUNCE] [info] Loaded file successfully: assets/shaders/Texture.glsl
[2026-05-15 20:15:44.995] [BIT POUNCE] [info] Loading file: assets/shaders/Texture_Vertex.glsl
[2026-05-15 20:15:44.996] [BIT POUNCE] [info] Reading file into RAM: assets/shaders/Texture_Vertex.glsl
[2026-05-15 20:15:44.997] [BIT POUNCE] [info] Successfully read file into RAM: assets/shaders/Texture_Vertex.glsl (516 bytes)
[2026-05-15 20:15:44.997] [BIT POUNCE] [info] Loaded file successfully: assets/shaders/Texture_Vertex.glsl
[2026-05-15 20:15:44.998] [BIT POUNCE] [info] Loading file: assets/shaders/Texture_Colour.glsl
[2026-05-15 20:15:44.998] [BIT POUNCE] [info] Reading file into RAM: assets/shaders/Texture_Colour.glsl
[2026-05-15 20:15:44.999] [BIT POUNCE] [info] Successfully read file into RAM: assets/shaders/Texture_Colour.glsl (2921 bytes)
[2026-05-15 20:15:45.000] [BIT POUNCE] [info] Loaded file successfully: assets/shaders/Texture_Colour.glsl
[2026-05-15 20:15:45.002] [BIT POUNCE] [info] Loading file: assets/shaders/Circle.glsl
[2026-05-15 20:15:45.003] [BIT POUNCE] [info] Reading file into RAM: assets/shaders/Circle.glsl
[2026-05-15 20:15:45.003] [BIT POUNCE] [info] Successfully read file into RAM: assets/shaders/Circle.glsl (1127 bytes)
[2026-05-15 20:15:45.004] [BIT POUNCE] [info] Loaded file successfully: assets/shaders/Circle.glsl
[2026-05-15 20:15:45.005] [BIT POUNCE] [info] Loading file: assets/shaders/Line.glsl
[2026-05-15 20:15:45.005] [BIT POUNCE] [info] Reading file into RAM: assets/shaders/Line.glsl
[2026-05-15 20:15:45.006] [BIT POUNCE] [info] Successfully read file into RAM: assets/shaders/Line.glsl (539 bytes)
[2026-05-15 20:15:45.006] [BIT POUNCE] [info] Loaded file successfully: assets/shaders/Line.glsl
[2026-05-15 20:15:45.007] [BIT POUNCE] [info] Loading file: assets/shaders/Text.glsl
[2026-05-15 20:15:45.008] [BIT POUNCE] [info] Reading file into RAM: assets/shaders/Text.glsl
[2026-05-15 20:15:45.009] [BIT POUNCE] [info] Successfully read file into RAM: assets/shaders/Text.glsl (5102 bytes)
[2026-05-15 20:15:45.011] [BIT POUNCE] [info] Loaded file successfully: assets/shaders/Text.glsl
[2026-05-15 20:15:45.157] [BIT POUNCE] [info] Loading file: assets/fonts/OpenSans/static/OpenSans-Bold.ttf
[2026-05-15 20:15:45.158] [BIT POUNCE] [info] Reading file into RAM: assets/fonts/OpenSans/static/OpenSans-Bold.ttf
[2026-05-15 20:15:45.162] [BIT POUNCE] [info] Successfully read file into RAM: assets/fonts/OpenSans/static/OpenSans-Bold.ttf (130860 bytes)
[2026-05-15 20:15:45.162] [BIT POUNCE] [info] Loaded file successfully: assets/fonts/OpenSans/static/OpenSans-Bold.ttf
[2026-05-15 20:15:45.163] [BIT POUNCE] [info] Loading file: assets/fonts/OpenSans/static/OpenSans-Regular.ttf
[2026-05-15 20:15:45.163] [BIT POUNCE] [info] Reading file into RAM: assets/fonts/OpenSans/static/OpenSans-Regular.ttf
[2026-05-15 20:15:45.166] [BIT POUNCE] [info] Successfully read file into RAM: assets/fonts/OpenSans/static/OpenSans-Regular.ttf (130832 bytes)
[2026-05-15 20:15:45.170] [BIT POUNCE] [info] Loaded file successfully: assets/fonts/OpenSans/static/OpenSans-Regular.ttf
[2026-05-15 20:15:45.179] [BIT POUNCE] [info] Loading file: Resources/Icons/ContentBrowser/Flor.png
[2026-05-15 20:15:45.180] [BIT POUNCE] [info] Reading file into RAM: Resources/Icons/ContentBrowser/Flor.png
[2026-05-15 20:15:45.181] [BIT POUNCE] [info] Successfully read file into RAM: Resources/Icons/ContentBrowser/Flor.png (12068 bytes)
[2026-05-15 20:15:45.183] [BIT POUNCE] [info] Loaded file successfully: Resources/Icons/ContentBrowser/Flor.png
[2026-05-15 20:15:45.187] [BIT POUNCE] [info] Loading file: Resources/Icons/ContentBrowser/File.png
[2026-05-15 20:15:45.187] [BIT POUNCE] [info] Reading file into RAM: Resources/Icons/ContentBrowser/File.png
[2026-05-15 20:15:45.189] [BIT POUNCE] [info] Successfully read file into RAM: Resources/Icons/ContentBrowser/File.png (15757 bytes)
[2026-05-15 20:15:45.189] [BIT POUNCE] [info] Loaded file successfully: Resources/Icons/ContentBrowser/File.png
